// Vitest Snapshot v1, https://vitest.dev/guide/snapshot.html

exports[`BillList > should render correctly 1`] = `
{
  "asFragment": [Function],
  "baseElement": <body>
    <div>
      <div
        class="sc-blHHSb jGZVpw"
      >
        <h1
          class="sc-gtLWhw kAYFet"
        >
          Bill List
        </h1>
        <div
          class="sc-egkSDF gJDnic"
        >
          <div
            class="sc-ivxoEo cyQfMx"
          >
            <img
              class="sc-ghWlax lkmuRg"
              src="http://localhost:8000/media/test.png"
            />
            <div
              class="sc-kLhKbu bffHuf"
            >
              <div
                class="sc-khLCKb eJELKV"
              >
                Biller: 
                Bill 0
              </div>
              <div
                class="sc-khLCKb eJELKV"
              >
                Due: 
                15/06/2025
              </div>
              <div
                class="sc-khLCKb eJELKV"
              >
                Amount: $
                100
              </div>
              <div
                class="sc-khLCKb eJELKV"
              >
                Status: 
                paid
              </div>
              <div
                class="sc-dstKZu ciercf"
              >
                More information: 
                status_context_value
              </div>
            </div>
            <div
              class="sc-ixGGxD jgpxMW"
            >
              <div
                class="sc-fAUdSK hsSoUw"
              >
                <div
                  class="sc-dntaoT VWlpY"
                >
                  Instalment: 
                  10
                </div>
                <div
                  class="sc-dntaoT VWlpY"
                >
                  Due: 
                  15/06/2025
                </div>
                <div
                  class="sc-dntaoT VWlpY"
                >
                  Status: 
                  paid
                </div>
              </div>
            </div>
          </div>
          <div
            class="sc-ivxoEo cyQfMx"
          >
            <img
              class="sc-ghWlax lkmuRg"
              src="http://localhost:8000/media/test.png"
            />
            <div
              class="sc-kLhKbu bffHuf"
            >
              <div
                class="sc-khLCKb eJELKV"
              >
                Biller: 
                Bill 1
              </div>
              <div
                class="sc-khLCKb eJELKV"
              >
                Due: 
                15/06/2025
              </div>
              <div
                class="sc-khLCKb eJELKV"
              >
                Amount: $
                100
              </div>
              <div
                class="sc-khLCKb eJELKV"
              >
                Status: 
                paid
              </div>
              <div
                class="sc-dstKZu ciercf"
              >
                More information: 
                status_context_value
              </div>
            </div>
            <div
              class="sc-ixGGxD jgpxMW"
            >
              <div
                class="sc-fAUdSK hsSoUw"
              >
                <div
                  class="sc-dntaoT VWlpY"
                >
                  Instalment: 
                  11
                </div>
                <div
                  class="sc-dntaoT VWlpY"
                >
                  Due: 
                  15/06/2025
                </div>
                <div
                  class="sc-dntaoT VWlpY"
                >
                  Status: 
                  paid
                </div>
              </div>
            </div>
          </div>
          <div
            class="sc-ivxoEo cyQfMx"
          >
            <img
              class="sc-ghWlax lkmuRg"
              src="http://localhost:8000/media/test.png"
            />
            <div
              class="sc-kLhKbu bffHuf"
            >
              <div
                class="sc-khLCKb eJELKV"
              >
                Biller: 
                Bill 2
              </div>
              <div
                class="sc-khLCKb eJELKV"
              >
                Due: 
                15/06/2025
              </div>
              <div
                class="sc-khLCKb eJELKV"
              >
                Amount: $
                100
              </div>
              <div
                class="sc-khLCKb eJELKV"
              >
                Status: 
                paid
              </div>
              <div
                class="sc-dstKZu ciercf"
              >
                More information: 
                status_context_value
              </div>
            </div>
            <div
              class="sc-ixGGxD jgpxMW"
            >
              <div
                class="sc-fAUdSK hsSoUw"
              >
                <div
                  class="sc-dntaoT VWlpY"
                >
                  Instalment: 
                  12
                </div>
                <div
                  class="sc-dntaoT VWlpY"
                >
                  Due: 
                  15/06/2025
                </div>
                <div
                  class="sc-dntaoT VWlpY"
                >
                  Status: 
                  paid
                </div>
              </div>
            </div>
          </div>
          <div
            class="sc-ivxoEo cyQfMx"
          >
            <img
              class="sc-ghWlax lkmuRg"
              src="http://localhost:8000/media/test.png"
            />
            <div
              class="sc-kLhKbu bffHuf"
            >
              <div
                class="sc-khLCKb eJELKV"
              >
                Biller: 
                Bill 3
              </div>
              <div
                class="sc-khLCKb eJELKV"
              >
                Due: 
                15/06/2025
              </div>
              <div
                class="sc-khLCKb eJELKV"
              >
                Amount: $
                100
              </div>
              <div
                class="sc-khLCKb eJELKV"
              >
                Status: 
                paid
              </div>
              <div
                class="sc-dstKZu ciercf"
              >
                More information: 
                status_context_value
              </div>
            </div>
            <div
              class="sc-ixGGxD jgpxMW"
            >
              <div
                class="sc-fAUdSK hsSoUw"
              >
                <div
                  class="sc-dntaoT VWlpY"
                >
                  Instalment: 
                  13
                </div>
                <div
                  class="sc-dntaoT VWlpY"
                >
                  Due: 
                  15/06/2025
                </div>
                <div
                  class="sc-dntaoT VWlpY"
                >
                  Status: 
                  paid
                </div>
              </div>
            </div>
          </div>
          <div
            class="sc-ivxoEo cyQfMx"
          >
            <img
              class="sc-ghWlax lkmuRg"
              src="http://localhost:8000/media/test.png"
            />
            <div
              class="sc-kLhKbu bffHuf"
            >
              <div
                class="sc-khLCKb eJELKV"
              >
                Biller: 
                Bill 4
              </div>
              <div
                class="sc-khLCKb eJELKV"
              >
                Due: 
                15/06/2025
              </div>
              <div
                class="sc-khLCKb eJELKV"
              >
                Amount: $
                100
              </div>
              <div
                class="sc-khLCKb eJELKV"
              >
                Status: 
                paid
              </div>
              <div
                class="sc-dstKZu ciercf"
              >
                More information: 
                status_context_value
              </div>
            </div>
            <div
              class="sc-ixGGxD jgpxMW"
            >
              <div
                class="sc-fAUdSK hsSoUw"
              >
                <div
                  class="sc-dntaoT VWlpY"
                >
                  Instalment: 
                  14
                </div>
                <div
                  class="sc-dntaoT VWlpY"
                >
                  Due: 
                  15/06/2025
                </div>
                <div
                  class="sc-dntaoT VWlpY"
                >
                  Status: 
                  paid
                </div>
              </div>
            </div>
          </div>
          <div
            class="sc-ivxoEo cyQfMx"
          >
            <img
              class="sc-ghWlax lkmuRg"
              src="http://localhost:8000/media/test.png"
            />
            <div
              class="sc-kLhKbu bffHuf"
            >
              <div
                class="sc-khLCKb eJELKV"
              >
                Biller: 
                Bill 5
              </div>
              <div
                class="sc-khLCKb eJELKV"
              >
                Due: 
                15/06/2025
              </div>
              <div
                class="sc-khLCKb eJELKV"
              >
                Amount: $
                100
              </div>
              <div
                class="sc-khLCKb eJELKV"
              >
                Status: 
                paid
              </div>
              <div
                class="sc-dstKZu ciercf"
              >
                More information: 
                status_context_value
              </div>
            </div>
            <div
              class="sc-ixGGxD jgpxMW"
            >
              <div
                class="sc-fAUdSK hsSoUw"
              >
                <div
                  class="sc-dntaoT VWlpY"
                >
                  Instalment: 
                  15
                </div>
                <div
                  class="sc-dntaoT VWlpY"
                >
                  Due: 
                  15/06/2025
                </div>
                <div
                  class="sc-dntaoT VWlpY"
                >
                  Status: 
                  paid
                </div>
              </div>
            </div>
          </div>
          <div
            class="sc-ivxoEo cyQfMx"
          >
            <img
              class="sc-ghWlax lkmuRg"
              src="http://localhost:8000/media/test.png"
            />
            <div
              class="sc-kLhKbu bffHuf"
            >
              <div
                class="sc-khLCKb eJELKV"
              >
                Biller: 
                Bill 6
              </div>
              <div
                class="sc-khLCKb eJELKV"
              >
                Due: 
                15/06/2025
              </div>
              <div
                class="sc-khLCKb eJELKV"
              >
                Amount: $
                100
              </div>
              <div
                class="sc-khLCKb eJELKV"
              >
                Status: 
                paid
              </div>
              <div
                class="sc-dstKZu ciercf"
              >
                More information: 
                status_context_value
              </div>
            </div>
            <div
              class="sc-ixGGxD jgpxMW"
            >
              <div
                class="sc-fAUdSK hsSoUw"
              >
                <div
                  class="sc-dntaoT VWlpY"
                >
                  Instalment: 
                  16
                </div>
                <div
                  class="sc-dntaoT VWlpY"
                >
                  Due: 
                  15/06/2025
                </div>
                <div
                  class="sc-dntaoT VWlpY"
                >
                  Status: 
                  paid
                </div>
              </div>
            </div>
          </div>
          <div
            class="sc-ivxoEo cyQfMx"
          >
            <img
              class="sc-ghWlax lkmuRg"
              src="http://localhost:8000/media/test.png"
            />
            <div
              class="sc-kLhKbu bffHuf"
            >
              <div
                class="sc-khLCKb eJELKV"
              >
                Biller: 
                Bill 7
              </div>
              <div
                class="sc-khLCKb eJELKV"
              >
                Due: 
                15/06/2025
              </div>
              <div
                class="sc-khLCKb eJELKV"
              >
                Amount: $
                100
              </div>
              <div
                class="sc-khLCKb eJELKV"
              >
                Status: 
                paid
              </div>
              <div
                class="sc-dstKZu ciercf"
              >
                More information: 
                status_context_value
              </div>
            </div>
            <div
              class="sc-ixGGxD jgpxMW"
            >
              <div
                class="sc-fAUdSK hsSoUw"
              >
                <div
                  class="sc-dntaoT VWlpY"
                >
                  Instalment: 
                  17
                </div>
                <div
                  class="sc-dntaoT VWlpY"
                >
                  Due: 
                  15/06/2025
                </div>
                <div
                  class="sc-dntaoT VWlpY"
                >
                  Status: 
                  paid
                </div>
              </div>
            </div>
          </div>
          <div
            class="sc-ivxoEo cyQfMx"
          >
            <img
              class="sc-ghWlax lkmuRg"
              src="http://localhost:8000/media/test.png"
            />
            <div
              class="sc-kLhKbu bffHuf"
            >
              <div
                class="sc-khLCKb eJELKV"
              >
                Biller: 
                Bill 8
              </div>
              <div
                class="sc-khLCKb eJELKV"
              >
                Due: 
                15/06/2025
              </div>
              <div
                class="sc-khLCKb eJELKV"
              >
                Amount: $
                100
              </div>
              <div
                class="sc-khLCKb eJELKV"
              >
                Status: 
                paid
              </div>
              <div
                class="sc-dstKZu ciercf"
              >
                More information: 
                status_context_value
              </div>
            </div>
            <div
              class="sc-ixGGxD jgpxMW"
            >
              <div
                class="sc-fAUdSK hsSoUw"
              >
                <div
                  class="sc-dntaoT VWlpY"
                >
                  Instalment: 
                  18
                </div>
                <div
                  class="sc-dntaoT VWlpY"
                >
                  Due: 
                  15/06/2025
                </div>
                <div
                  class="sc-dntaoT VWlpY"
                >
                  Status: 
                  paid
                </div>
              </div>
            </div>
          </div>
          <div
            class="sc-ivxoEo cyQfMx"
          >
            <img
              class="sc-ghWlax lkmuRg"
              src="http://localhost:8000/media/test.png"
            />
            <div
              class="sc-kLhKbu bffHuf"
            >
              <div
                class="sc-khLCKb eJELKV"
              >
                Biller: 
                Bill 9
              </div>
              <div
                class="sc-khLCKb eJELKV"
              >
                Due: 
                15/06/2025
              </div>
              <div
                class="sc-khLCKb eJELKV"
              >
                Amount: $
                100
              </div>
              <div
                class="sc-khLCKb eJELKV"
              >
                Status: 
                paid
              </div>
              <div
                class="sc-dstKZu ciercf"
              >
                More information: 
                status_context_value
              </div>
            </div>
            <div
              class="sc-ixGGxD jgpxMW"
            >
              <div
                class="sc-fAUdSK hsSoUw"
              >
                <div
                  class="sc-dntaoT VWlpY"
                >
                  Instalment: 
                  19
                </div>
                <div
                  class="sc-dntaoT VWlpY"
                >
                  Due: 
                  15/06/2025
                </div>
                <div
                  class="sc-dntaoT VWlpY"
                >
                  Status: 
                  paid
                </div>
              </div>
            </div>
          </div>
        </div>
      </div>
    </div>
  </body>,
  "container": <div>
    <div
      class="sc-blHHSb jGZVpw"
    >
      <h1
        class="sc-gtLWhw kAYFet"
      >
        Bill List
      </h1>
      <div
        class="sc-egkSDF gJDnic"
      >
        <div
          class="sc-ivxoEo cyQfMx"
        >
          <img
            class="sc-ghWlax lkmuRg"
            src="http://localhost:8000/media/test.png"
          />
          <div
            class="sc-kLhKbu bffHuf"
          >
            <div
              class="sc-khLCKb eJELKV"
            >
              Biller: 
              Bill 0
            </div>
            <div
              class="sc-khLCKb eJELKV"
            >
              Due: 
              15/06/2025
            </div>
            <div
              class="sc-khLCKb eJELKV"
            >
              Amount: $
              100
            </div>
            <div
              class="sc-khLCKb eJELKV"
            >
              Status: 
              paid
            </div>
            <div
              class="sc-dstKZu ciercf"
            >
              More information: 
              status_context_value
            </div>
          </div>
          <div
            class="sc-ixGGxD jgpxMW"
          >
            <div
              class="sc-fAUdSK hsSoUw"
            >
              <div
                class="sc-dntaoT VWlpY"
              >
                Instalment: 
                10
              </div>
              <div
                class="sc-dntaoT VWlpY"
              >
                Due: 
                15/06/2025
              </div>
              <div
                class="sc-dntaoT VWlpY"
              >
                Status: 
                paid
              </div>
            </div>
          </div>
        </div>
        <div
          class="sc-ivxoEo cyQfMx"
        >
          <img
            class="sc-ghWlax lkmuRg"
            src="http://localhost:8000/media/test.png"
          />
          <div
            class="sc-kLhKbu bffHuf"
          >
            <div
              class="sc-khLCKb eJELKV"
            >
              Biller: 
              Bill 1
            </div>
            <div
              class="sc-khLCKb eJELKV"
            >
              Due: 
              15/06/2025
            </div>
            <div
              class="sc-khLCKb eJELKV"
            >
              Amount: $
              100
            </div>
            <div
              class="sc-khLCKb eJELKV"
            >
              Status: 
              paid
            </div>
            <div
              class="sc-dstKZu ciercf"
            >
              More information: 
              status_context_value
            </div>
          </div>
          <div
            class="sc-ixGGxD jgpxMW"
          >
            <div
              class="sc-fAUdSK hsSoUw"
            >
              <div
                class="sc-dntaoT VWlpY"
              >
                Instalment: 
                11
              </div>
              <div
                class="sc-dntaoT VWlpY"
              >
                Due: 
                15/06/2025
              </div>
              <div
                class="sc-dntaoT VWlpY"
              >
                Status: 
                paid
              </div>
            </div>
          </div>
        </div>
        <div
          class="sc-ivxoEo cyQfMx"
        >
          <img
            class="sc-ghWlax lkmuRg"
            src="http://localhost:8000/media/test.png"
          />
          <div
            class="sc-kLhKbu bffHuf"
          >
            <div
              class="sc-khLCKb eJELKV"
            >
              Biller: 
              Bill 2
            </div>
            <div
              class="sc-khLCKb eJELKV"
            >
              Due: 
              15/06/2025
            </div>
            <div
              class="sc-khLCKb eJELKV"
            >
              Amount: $
              100
            </div>
            <div
              class="sc-khLCKb eJELKV"
            >
              Status: 
              paid
            </div>
            <div
              class="sc-dstKZu ciercf"
            >
              More information: 
              status_context_value
            </div>
          </div>
          <div
            class="sc-ixGGxD jgpxMW"
          >
            <div
              class="sc-fAUdSK hsSoUw"
            >
              <div
                class="sc-dntaoT VWlpY"
              >
                Instalment: 
                12
              </div>
              <div
                class="sc-dntaoT VWlpY"
              >
                Due: 
                15/06/2025
              </div>
              <div
                class="sc-dntaoT VWlpY"
              >
                Status: 
                paid
              </div>
            </div>
          </div>
        </div>
        <div
          class="sc-ivxoEo cyQfMx"
        >
          <img
            class="sc-ghWlax lkmuRg"
            src="http://localhost:8000/media/test.png"
          />
          <div
            class="sc-kLhKbu bffHuf"
          >
            <div
              class="sc-khLCKb eJELKV"
            >
              Biller: 
              Bill 3
            </div>
            <div
              class="sc-khLCKb eJELKV"
            >
              Due: 
              15/06/2025
            </div>
            <div
              class="sc-khLCKb eJELKV"
            >
              Amount: $
              100
            </div>
            <div
              class="sc-khLCKb eJELKV"
            >
              Status: 
              paid
            </div>
            <div
              class="sc-dstKZu ciercf"
            >
              More information: 
              status_context_value
            </div>
          </div>
          <div
            class="sc-ixGGxD jgpxMW"
          >
            <div
              class="sc-fAUdSK hsSoUw"
            >
              <div
                class="sc-dntaoT VWlpY"
              >
                Instalment: 
                13
              </div>
              <div
                class="sc-dntaoT VWlpY"
              >
                Due: 
                15/06/2025
              </div>
              <div
                class="sc-dntaoT VWlpY"
              >
                Status: 
                paid
              </div>
            </div>
          </div>
        </div>
        <div
          class="sc-ivxoEo cyQfMx"
        >
          <img
            class="sc-ghWlax lkmuRg"
            src="http://localhost:8000/media/test.png"
          />
          <div
            class="sc-kLhKbu bffHuf"
          >
            <div
              class="sc-khLCKb eJELKV"
            >
              Biller: 
              Bill 4
            </div>
            <div
              class="sc-khLCKb eJELKV"
            >
              Due: 
              15/06/2025
            </div>
            <div
              class="sc-khLCKb eJELKV"
            >
              Amount: $
              100
            </div>
            <div
              class="sc-khLCKb eJELKV"
            >
              Status: 
              paid
            </div>
            <div
              class="sc-dstKZu ciercf"
            >
              More information: 
              status_context_value
            </div>
          </div>
          <div
            class="sc-ixGGxD jgpxMW"
          >
            <div
              class="sc-fAUdSK hsSoUw"
            >
              <div
                class="sc-dntaoT VWlpY"
              >
                Instalment: 
                14
              </div>
              <div
                class="sc-dntaoT VWlpY"
              >
                Due: 
                15/06/2025
              </div>
              <div
                class="sc-dntaoT VWlpY"
              >
                Status: 
                paid
              </div>
            </div>
          </div>
        </div>
        <div
          class="sc-ivxoEo cyQfMx"
        >
          <img
            class="sc-ghWlax lkmuRg"
            src="http://localhost:8000/media/test.png"
          />
          <div
            class="sc-kLhKbu bffHuf"
          >
            <div
              class="sc-khLCKb eJELKV"
            >
              Biller: 
              Bill 5
            </div>
            <div
              class="sc-khLCKb eJELKV"
            >
              Due: 
              15/06/2025
            </div>
            <div
              class="sc-khLCKb eJELKV"
            >
              Amount: $
              100
            </div>
            <div
              class="sc-khLCKb eJELKV"
            >
              Status: 
              paid
            </div>
            <div
              class="sc-dstKZu ciercf"
            >
              More information: 
              status_context_value
            </div>
          </div>
          <div
            class="sc-ixGGxD jgpxMW"
          >
            <div
              class="sc-fAUdSK hsSoUw"
            >
              <div
                class="sc-dntaoT VWlpY"
              >
                Instalment: 
                15
              </div>
              <div
                class="sc-dntaoT VWlpY"
              >
                Due: 
                15/06/2025
              </div>
              <div
                class="sc-dntaoT VWlpY"
              >
                Status: 
                paid
              </div>
            </div>
          </div>
        </div>
        <div
          class="sc-ivxoEo cyQfMx"
        >
          <img
            class="sc-ghWlax lkmuRg"
            src="http://localhost:8000/media/test.png"
          />
          <div
            class="sc-kLhKbu bffHuf"
          >
            <div
              class="sc-khLCKb eJELKV"
            >
              Biller: 
              Bill 6
            </div>
            <div
              class="sc-khLCKb eJELKV"
            >
              Due: 
              15/06/2025
            </div>
            <div
              class="sc-khLCKb eJELKV"
            >
              Amount: $
              100
            </div>
            <div
              class="sc-khLCKb eJELKV"
            >
              Status: 
              paid
            </div>
            <div
              class="sc-dstKZu ciercf"
            >
              More information: 
              status_context_value
            </div>
          </div>
          <div
            class="sc-ixGGxD jgpxMW"
          >
            <div
              class="sc-fAUdSK hsSoUw"
            >
              <div
                class="sc-dntaoT VWlpY"
              >
                Instalment: 
                16
              </div>
              <div
                class="sc-dntaoT VWlpY"
              >
                Due: 
                15/06/2025
              </div>
              <div
                class="sc-dntaoT VWlpY"
              >
                Status: 
                paid
              </div>
            </div>
          </div>
        </div>
        <div
          class="sc-ivxoEo cyQfMx"
        >
          <img
            class="sc-ghWlax lkmuRg"
            src="http://localhost:8000/media/test.png"
          />
          <div
            class="sc-kLhKbu bffHuf"
          >
            <div
              class="sc-khLCKb eJELKV"
            >
              Biller: 
              Bill 7
            </div>
            <div
              class="sc-khLCKb eJELKV"
            >
              Due: 
              15/06/2025
            </div>
            <div
              class="sc-khLCKb eJELKV"
            >
              Amount: $
              100
            </div>
            <div
              class="sc-khLCKb eJELKV"
            >
              Status: 
              paid
            </div>
            <div
              class="sc-dstKZu ciercf"
            >
              More information: 
              status_context_value
            </div>
          </div>
          <div
            class="sc-ixGGxD jgpxMW"
          >
            <div
              class="sc-fAUdSK hsSoUw"
            >
              <div
                class="sc-dntaoT VWlpY"
              >
                Instalment: 
                17
              </div>
              <div
                class="sc-dntaoT VWlpY"
              >
                Due: 
                15/06/2025
              </div>
              <div
                class="sc-dntaoT VWlpY"
              >
                Status: 
                paid
              </div>
            </div>
          </div>
        </div>
        <div
          class="sc-ivxoEo cyQfMx"
        >
          <img
            class="sc-ghWlax lkmuRg"
            src="http://localhost:8000/media/test.png"
          />
          <div
            class="sc-kLhKbu bffHuf"
          >
            <div
              class="sc-khLCKb eJELKV"
            >
              Biller: 
              Bill 8
            </div>
            <div
              class="sc-khLCKb eJELKV"
            >
              Due: 
              15/06/2025
            </div>
            <div
              class="sc-khLCKb eJELKV"
            >
              Amount: $
              100
            </div>
            <div
              class="sc-khLCKb eJELKV"
            >
              Status: 
              paid
            </div>
            <div
              class="sc-dstKZu ciercf"
            >
              More information: 
              status_context_value
            </div>
          </div>
          <div
            class="sc-ixGGxD jgpxMW"
          >
            <div
              class="sc-fAUdSK hsSoUw"
            >
              <div
                class="sc-dntaoT VWlpY"
              >
                Instalment: 
                18
              </div>
              <div
                class="sc-dntaoT VWlpY"
              >
                Due: 
                15/06/2025
              </div>
              <div
                class="sc-dntaoT VWlpY"
              >
                Status: 
                paid
              </div>
            </div>
          </div>
        </div>
        <div
          class="sc-ivxoEo cyQfMx"
        >
          <img
            class="sc-ghWlax lkmuRg"
            src="http://localhost:8000/media/test.png"
          />
          <div
            class="sc-kLhKbu bffHuf"
          >
            <div
              class="sc-khLCKb eJELKV"
            >
              Biller: 
              Bill 9
            </div>
            <div
              class="sc-khLCKb eJELKV"
            >
              Due: 
              15/06/2025
            </div>
            <div
              class="sc-khLCKb eJELKV"
            >
              Amount: $
              100
            </div>
            <div
              class="sc-khLCKb eJELKV"
            >
              Status: 
              paid
            </div>
            <div
              class="sc-dstKZu ciercf"
            >
              More information: 
              status_context_value
            </div>
          </div>
          <div
            class="sc-ixGGxD jgpxMW"
          >
            <div
              class="sc-fAUdSK hsSoUw"
            >
              <div
                class="sc-dntaoT VWlpY"
              >
                Instalment: 
                19
              </div>
              <div
                class="sc-dntaoT VWlpY"
              >
                Due: 
                15/06/2025
              </div>
              <div
                class="sc-dntaoT VWlpY"
              >
                Status: 
                paid
              </div>
            </div>
          </div>
        </div>
      </div>
    </div>
  </div>,
  "debug": [Function],
  "findAllByAltText": [Function],
  "findAllByDisplayValue": [Function],
  "findAllByLabelText": [Function],
  "findAllByPlaceholderText": [Function],
  "findAllByRole": [Function],
  "findAllByTestId": [Function],
  "findAllByText": [Function],
  "findAllByTitle": [Function],
  "findByAltText": [Function],
  "findByDisplayValue": [Function],
  "findByLabelText": [Function],
  "findByPlaceholderText": [Function],
  "findByRole": [Function],
  "findByTestId": [Function],
  "findByText": [Function],
  "findByTitle": [Function],
  "getAllByAltText": [Function],
  "getAllByDisplayValue": [Function],
  "getAllByLabelText": [Function],
  "getAllByPlaceholderText": [Function],
  "getAllByRole": [Function],
  "getAllByTestId": [Function],
  "getAllByText": [Function],
  "getAllByTitle": [Function],
  "getByAltText": [Function],
  "getByDisplayValue": [Function],
  "getByLabelText": [Function],
  "getByPlaceholderText": [Function],
  "getByRole": [Function],
  "getByTestId": [Function],
  "getByText": [Function],
  "getByTitle": [Function],
  "queryAllByAltText": [Function],
  "queryAllByDisplayValue": [Function],
  "queryAllByLabelText": [Function],
  "queryAllByPlaceholderText": [Function],
  "queryAllByRole": [Function],
  "queryAllByTestId": [Function],
  "queryAllByText": [Function],
  "queryAllByTitle": [Function],
  "queryByAltText": [Function],
  "queryByDisplayValue": [Function],
  "queryByLabelText": [Function],
  "queryByPlaceholderText": [Function],
  "queryByRole": [Function],
  "queryByTestId": [Function],
  "queryByText": [Function],
  "queryByTitle": [Function],
  "rerender": [Function],
  "unmount": [Function],
}
`;
